[gizmoder.com/demo/html/onova/index_3.html]
[backblue.gif]
[fade.gif]
[index.html]
[gizmoder.com/demo/html/onova/assets/css/bootstrap/css/bootstrap.min.css]
[gizmoder.com/demo/html/onova/assets/fonts/fontawesome/css/all.css]
[gizmoder.com/demo/html/onova/assets/fonts/flaticon/flaticon.css]
[gizmoder.com/demo/html/onova/assets/fonts/pe7stroke/css/helper.css]
[gizmoder.com/demo/html/onova/assets/fonts/pe7stroke/css/pe-icon-7-stroke.css]
[gizmoder.com/demo/html/onova/assets/css/slick/slick.css]
[gizmoder.com/demo/html/onova/assets/css/slick/slick-theme.css]
[gizmoder.com/demo/html/onova/assets/css/jquery.nice-number.css]
[gizmoder.com/demo/html/onova/assets/css/nice-select.css]
[gizmoder.com/demo/html/onova/assets/css/sidebar-menu.css]
[gizmoder.com/demo/html/onova/assets/css/animate.css]
[gizmoder.com/demo/html/onova/assets/css/magnific-popup.css]
[gizmoder.com/demo/html/onova/assets/css/style.css]
[gizmoder.com/demo/html/onova/assets/css/responsive.css]
[gizmoder.com/demo/html/onova/assets/images/logo_3.png]
[gizmoder.com/demo/html/onova/index.html]
[gizmoder.com/demo/html/onova/index_2.html]
[gizmoder.com/demo/html/onova/about.html]
[gizmoder.com/demo/html/onova/it_service.html]
[gizmoder.com/demo/html/onova/it_consultancy.html]
[gizmoder.com/demo/html/onova/history.html]
[gizmoder.com/demo/html/onova/portfolio_1.html]
[gizmoder.com/demo/html/onova/portfolio_2.html]
[gizmoder.com/demo/html/onova/portfolio_3.html]
[gizmoder.com/demo/html/onova/case_details.html]
[gizmoder.com/demo/html/onova/faq.html]
[gizmoder.com/demo/html/onova/team.html]
[gizmoder.com/demo/html/onova/shop.html]
[gizmoder.com/demo/html/onova/shop_details.html]
[gizmoder.com/demo/html/onova/404.html]
[gizmoder.com/demo/html/onova/blog_grid.html]
[gizmoder.com/demo/html/onova/blog_list.html]
[gizmoder.com/demo/html/onova/blog_details.html]
[gizmoder.com/demo/html/onova/contact.html]
[gizmoder.com/demo/html/onova/assets/images/logo_2.png]
[gizmoder.com/demo/html/onova/iindex.html]
[gizmoder.com/demo/html/onova/blog_grid_2.html]
[gizmoder.com/demo/html/onova/assets/images/head_bg_3.jpg]
[gizmoder.com/demo/html/onova/assets/images/head_3.png]
[gizmoder.com/demo/html/onova/assets/images/icon_6.png]
[gizmoder.com/demo/html/onova/assets/images/icon_6.1.png]
[gizmoder.com/demo/html/onova/assets/images/icon_7.png]
[gizmoder.com/demo/html/onova/assets/images/icon_7.1.png]
[gizmoder.com/demo/html/onova/assets/images/icon_8.png]
[gizmoder.com/demo/html/onova/assets/images/icon_8.1.png]
[gizmoder.com/demo/html/onova/assets/images/icon_9.png]
[gizmoder.com/demo/html/onova/assets/images/icon_9.1.png]
[gizmoder.com/demo/html/onova/assets/images/portfolio_bg_2.jpg]
[gizmoder.com/demo/html/onova/assets/images/portfolio_1.jpg]
[gizmoder.com/demo/html/onova/assets/images/portfolio_2.jpg]
[gizmoder.com/demo/html/onova/assets/images/portfolio_3.jpg]
[gizmoder.com/demo/html/onova/assets/images/portfolio_4.jpg]
[gizmoder.com/demo/html/onova/assets/images/portfolio_5.jpg]
[gizmoder.com/demo/html/onova/assets/images/portfolio_6.jpg]
[gizmoder.com/demo/html/onova/assets/images/faq_3.png]
[gizmoder.com/demo/html/onova/assets/images/video_4.jpg]
[gizmoder.com/demo/html/onova/assets/images/choose_2.jpg]
[gizmoder.com/demo/html/onova/assets/images/choose_3.jpg]
[gizmoder.com/demo/html/onova/assets/images/choose_4.jpg]
[gizmoder.com/demo/html/onova/assets/images/choose_5.jpg]
[gizmoder.com/demo/html/onova/assets/images/choose_6.jpg]
[gizmoder.com/demo/html/onova/assets/images/choose_7.jpg]
[gizmoder.com/demo/html/onova/assets/images/pricing_bg_1.jpg]
[gizmoder.com/demo/html/onova/assets/images/sponser_6.png]
[gizmoder.com/demo/html/onova/assets/images/sponser_7.png]
[gizmoder.com/demo/html/onova/assets/images/sponser_8.png]
[gizmoder.com/demo/html/onova/assets/images/sponser_9.png]
[gizmoder.com/demo/html/onova/assets/images/sponser_10.png]
[gizmoder.com/demo/html/onova/assets/images/sponser_11.png]
[gizmoder.com/demo/html/onova/assets/images/sponser_12.png]
[gizmoder.com/demo/html/onova/assets/images/contact_1.png]
[gizmoder.com/demo/html/onova/assets/images/footer_bg.jpg]
[gizmoder.com/cdn-cgi/scripts/5c5dd728/cloudflare-static/email-decode.min.js]
[gizmoder.com/demo/html/onova/assets/js/vendor/jquery-1.12.4.min.js]
[gizmoder.com/demo/html/onova/assets/js/vendor/modernizr-3.6.0.min.js]
[gizmoder.com/demo/html/onova/assets/css/bootstrap/js/bootstrap.min.js]
[gizmoder.com/demo/html/onova/assets/css/bootstrap/js/popper.min.js]
[gizmoder.com/demo/html/onova/assets/css/slick/slick.min.js]
[gizmoder.com/demo/html/onova/assets/js/isotope.min.js]
[gizmoder.com/demo/html/onova/assets/js/imagesloaded.min.js]
[gizmoder.com/demo/html/onova/assets/js/jquery.magnific-popup.min.js]
[gizmoder.com/demo/html/onova/assets/js/jquery.counterup.min.js]
[gizmoder.com/demo/html/onova/assets/js/jquery.waypoints.min.js]
[gizmoder.com/demo/html/onova/assets/js/wow.min.js]
[gizmoder.com/demo/html/onova/assets/js/jquery.nice-number.min.js]
[gizmoder.com/demo/html/onova/assets/js/jquery.nice-select.min.js]
[gizmoder.com/demo/html/onova/assets/js/sidebar-menu.js]
[gizmoder.com/demo/html/onova/assets/js/custom.js]
[gizmoder.com/demo/html/onova/index_3.html]
[gizmoder.com/demo/html/onova/assets/css/bootstrap/css/bootstrap.min.css]
[ajax.cloudflare.com/cdn-cgi/scripts/7089c43e/cloudflare-static/rocket-loader.min.js]
[gizmoder.com/demo/html/onova/assets/fonts/fontawesome/webfonts/fa-brands-400.svg]
[gizmoder.com/demo/html/onova/assets/fonts/fontawesome/webfonts/fa-light-300.svg]
[gizmoder.com/demo/html/onova/assets/fonts/fontawesome/webfonts/fa-regular-400.svg]
[gizmoder.com/demo/html/onova/assets/fonts/fontawesome/css/all.css]
[gizmoder.com/demo/html/onova/assets/fonts/fontawesome/webfonts/fa-solid-900.svg]
[gizmoder.com/demo/html/onova/assets/fonts/flaticon/flaticon.css]
[gizmoder.com/demo/html/onova/assets/fonts/pe7stroke/css/helper.css]
[gizmoder.com/demo/html/onova/assets/fonts/flaticon/Flaticon.svg]
[gizmoder.com/demo/html/onova/assets/fonts/pe7stroke/css/pe-icon-7-stroke.css]
[gizmoder.com/demo/html/onova/assets/css/slick/slick.css]
[gizmoder.com/demo/html/onova/assets/fonts/pe7stroke/fonts/Pe-icon-7-strokebb1d.svg]
[gizmoder.com/demo/html/onova/assets/css/slick/slick-theme.css]
[gizmoder.com/demo/html/onova/assets/css/jquery.nice-number.css]
[gizmoder.com/demo/html/onova/assets/css/nice-select.css]
[gizmoder.com/demo/html/onova/assets/css/sidebar-menu.css]
[gizmoder.com/demo/html/onova/assets/css/animate.css]
[gizmoder.com/demo/html/onova/assets/css/magnific-popup.css]
[gizmoder.com/demo/html/onova/assets/css/slick/fonts/slick.svg]
[gizmoder.com/demo/html/onova/assets/images/skill_1.png]
[gizmoder.com/demo/html/onova/assets/images/pricing_bg.png]
[gizmoder.com/demo/html/onova/assets/images/map_pattern.png]
[gizmoder.com/demo/html/onova/assets/images/line.png]
[gizmoder.com/demo/html/onova/assets/images/add_img.jpg]
[gizmoder.com/demo/html/onova/assets/css/style.css]
[gizmoder.com/demo/html/onova/assets/css/responsive.css]
[gizmoder.com/demo/html/onova/assets/images/logo_1.png]
[gizmoder.com/demo/html/onova/assets/images/avatar_1.png]
[gizmoder.com/demo/html/onova/assets/images/head_right.jpg]
[gizmoder.com/demo/html/onova/assets/images/head_1.jpg]
[gizmoder.com/demo/html/onova/assets/images/about_1.png]
[gizmoder.com/demo/html/onova/assets/images/video_bg.jpg]
[gizmoder.com/demo/html/onova/assets/images/video_1.jpg]
[gizmoder.com/demo/html/onova/assets/images/video_2.jpg]
[gizmoder.com/demo/html/onova/assets/images/service_1.jpg]
[gizmoder.com/demo/html/onova/assets/images/service_2.jpg]
[gizmoder.com/demo/html/onova/assets/images/service_3.jpg]
[gizmoder.com/demo/html/onova/assets/images/choose_bg.jpg]
[gizmoder.com/demo/html/onova/assets/images/choose_1.jpg]
[gizmoder.com/demo/html/onova/assets/images/blog_1.jpg]
[gizmoder.com/demo/html/onova/assets/images/blog_2.jpg]
[gizmoder.com/demo/html/onova/assets/images/blog_3.jpg]
[gizmoder.com/demo/html/onova/assets/images/blog_4.jpg]
[gizmoder.com/demo/html/onova/assets/images/blog_5.jpg]
[gizmoder.com/demo/html/onova/assets/images/shape_c.png]
[gizmoder.com/demo/html/onova/assets/images/team_1.jpg]
[gizmoder.com/demo/html/onova/assets/images/team_2.jpg]
[gizmoder.com/demo/html/onova/assets/images/team_3.jpg]
[gizmoder.com/demo/html/onova/assets/images/call_bg.jpg]
[gizmoder.com/demo/html/onova/assets/images/call_1.jpg]
[gizmoder.com/demo/html/onova/assets/images/call_2.jpg]
[gizmoder.com/demo/html/onova/assets/images/feed_1.jpg]
[gizmoder.com/demo/html/onova/assets/images/feed_2.jpg]
[gizmoder.com/demo/html/onova/index.html]
[gizmoder.com/demo/html/onova/assets/images/slider_1.jpg]
[gizmoder.com/demo/html/onova/assets/images/slider_2.jpg]
[gizmoder.com/demo/html/onova/assets/images/slider_3.jpg]
[gizmoder.com/demo/html/onova/assets/images/slider_4.jpg]
[gizmoder.com/demo/html/onova/assets/images/about_2.jpg]
[gizmoder.com/demo/html/onova/assets/images/about_3.jpg]
[gizmoder.com/demo/html/onova/assets/images/video_bg_2.jpg]
[gizmoder.com/demo/html/onova/assets/images/video_3.jpg]
[gizmoder.com/demo/html/onova/assets/images/portfolio_bg_1.png]
[gizmoder.com/demo/html/onova/assets/images/testimonial_1.png]
[gizmoder.com/demo/html/onova/assets/images/sponser_1.png]
[gizmoder.com/demo/html/onova/assets/images/sponser_2.png]
[gizmoder.com/demo/html/onova/assets/images/sponser_3.png]
[gizmoder.com/demo/html/onova/assets/images/sponser_4.png]
[gizmoder.com/demo/html/onova/assets/images/sponser_5.png]
[gizmoder.com/demo/html/onova/assets/images/blog_bg.jpg]
[gizmoder.com/demo/html/onova/assets/images/logo_4.png]
[gizmoder.com/demo/html/onova/index_2.html]
[gizmoder.com/demo/html/onova/assets/images/bredcumb_bg.jpg]
[gizmoder.com/demo/html/onova/assets/images/about_4.jpg]
[gizmoder.com/demo/html/onova/assets/images/icon_3.png]
[gizmoder.com/demo/html/onova/assets/images/icon_4.png]
[gizmoder.com/demo/html/onova/assets/images/icon_5.png]
[gizmoder.com/demo/html/onova/assets/images/video_bg_3.jpg]
[gizmoder.com/demo/html/onova/assets/images/faq_1.jpg]
[gizmoder.com/demo/html/onova/about.html]
[gizmoder.com/demo/html/onova/assets/images/service_4.jpg]
[gizmoder.com/demo/html/onova/assets/images/service_5.jpg]
[gizmoder.com/demo/html/onova/assets/images/service_6.jpg]
[gizmoder.com/demo/html/onova/assets/images/map_1.jpg]
[gizmoder.com/demo/html/onova/assets/images/map_2.png]
[gizmoder.com/demo/html/onova/it_service.html]
[gizmoder.com/demo/html/onova/assets/images/service_bg.jpg]
[gizmoder.com/demo/html/onova/assets/images/testmonial_bg.jpg]
[gizmoder.com/demo/html/onova/assets/images/testimonial_2.png]
[gizmoder.com/demo/html/onova/it_consultancy.html]
[gizmoder.com/demo/html/onova/assets/images/history_5.jpg]
[gizmoder.com/demo/html/onova/history.html]
[gizmoder.com/demo/html/onova/assets/images/portfolio_7.jpg]
[gizmoder.com/demo/html/onova/assets/images/portfolio_8.jpg]
[gizmoder.com/demo/html/onova/assets/images/portfolio_9.jpg]
[gizmoder.com/demo/html/onova/assets/images/portfolio_10.jpg]
[gizmoder.com/demo/html/onova/assets/images/portfolio_11.jpg]
[gizmoder.com/demo/html/onova/assets/images/portfolio_12.jpg]
[gizmoder.com/demo/html/onova/assets/images/portfolio_13.jpg]
[gizmoder.com/demo/html/onova/assets/images/portfolio_14.jpg]
[gizmoder.com/demo/html/onova/assets/images/portfolio_15.jpg]
[gizmoder.com/demo/html/onova/portfolio_1.html]
[gizmoder.com/demo/html/onova/assets/images/portfolio_17.jpg]
[gizmoder.com/demo/html/onova/assets/images/portfolio_18.jpg]
[gizmoder.com/demo/html/onova/assets/images/portfolio_19.jpg]
[gizmoder.com/demo/html/onova/assets/images/portfolio_16.jpg]
[gizmoder.com/demo/html/onova/portfolio_2.html]
[gizmoder.com/demo/html/onova/assets/images/case_4.jpg]
[gizmoder.com/demo/html/onova/assets/images/case_5.jpg]
[gizmoder.com/demo/html/onova/assets/images/case_6.jpg]
[gizmoder.com/demo/html/onova/assets/images/case_7.jpg]
[gizmoder.com/demo/html/onova/assets/images/case_8.jpg]
[gizmoder.com/demo/html/onova/assets/images/case_9.jpg]
[gizmoder.com/demo/html/onova/assets/images/case_10.jpg]
[gizmoder.com/demo/html/onova/assets/images/case_11.jpg]
[gizmoder.com/demo/html/onova/assets/images/case_12.jpg]
[gizmoder.com/demo/html/onova/assets/images/case_13.jpg]
[gizmoder.com/demo/html/onova/assets/images/case_14.jpg]
[gizmoder.com/demo/html/onova/assets/images/case_15.jpg]
[gizmoder.com/demo/html/onova/portfolio_3.html]
[gizmoder.com/demo/html/onova/assets/images/case_detail_1.jpg]
[gizmoder.com/demo/html/onova/assets/images/case_16.jpg]
[gizmoder.com/demo/html/onova/assets/images/case_17.jpg]
[gizmoder.com/demo/html/onova/assets/images/case_detail_2.jpg]
[gizmoder.com/demo/html/onova/assets/images/icon_2.png]
[gizmoder.com/demo/html/onova/assets/images/comment_1.png]
[gizmoder.com/demo/html/onova/assets/images/comment_2.png]
[gizmoder.com/demo/html/onova/case_details.html]
[gizmoder.com/demo/html/onova/assets/images/faq_2.jpg]
[gizmoder.com/demo/html/onova/faq.html]
[gizmoder.com/demo/html/onova/assets/images/team_4.jpg]
[gizmoder.com/demo/html/onova/assets/images/team_5.jpg]
[gizmoder.com/demo/html/onova/assets/images/team_6.jpg]
[gizmoder.com/demo/html/onova/team.html]
[gizmoder.com/demo/html/onova/assets/images/product_1.jpg]
[gizmoder.com/demo/html/onova/assets/images/product_2.jpg]
[gizmoder.com/demo/html/onova/assets/images/product_3.jpg]
[gizmoder.com/demo/html/onova/assets/images/product_4.jpg]
[gizmoder.com/demo/html/onova/assets/images/product_5.jpg]
[gizmoder.com/demo/html/onova/assets/images/product_6.jpg]
[gizmoder.com/demo/html/onova/assets/images/product_7.jpg]
[gizmoder.com/demo/html/onova/assets/images/product_8.jpg]
[gizmoder.com/demo/html/onova/assets/images/product_9.jpg]
[gizmoder.com/demo/html/onova/assets/images/product_10.jpg]
[gizmoder.com/demo/html/onova/assets/images/product_11.jpg]
[gizmoder.com/demo/html/onova/assets/images/product_12.jpg]
[gizmoder.com/demo/html/onova/assets/images/thumb_1.png]
[gizmoder.com/demo/html/onova/assets/images/thumb_2.png]
[gizmoder.com/demo/html/onova/assets/images/thumb_3.png]
[gizmoder.com/demo/html/onova/shop.html]
[gizmoder.com/demo/html/onova/assets/images/single_p.jpg]
[gizmoder.com/demo/html/onova/assets/images/rateing.png]
[gizmoder.com/demo/html/onova/assets/images/comment_3.jpg]
[gizmoder.com/demo/html/onova/assets/images/comment_4.jpg]
[gizmoder.com/demo/html/onova/assets/images/comment_5.jpg]
[gizmoder.com/demo/html/onova/shop_details.html]
[gizmoder.com/demo/html/onova/assets/images/fav.png]
[gizmoder.com/demo/html/onova/assets/css/meanmenu.css]
[gizmoder.com/demo/html/onova/assets/images/404_text.png]
[gizmoder.com/demo/html/onova/assets/images/404.png]
[gizmoder.com/demo/html/onova/assets/js/jquery.meanmenu.js]
[gizmoder.com/demo/html/onova/404.html]
[static.cloudflareinsights.com/beacon.min.js]
[gizmoder.com/demo/html/onova/assets/images/blog_7.jpg]
[gizmoder.com/demo/html/onova/assets/images/blog_8.jpg]
[gizmoder.com/demo/html/onova/assets/images/blog_9.jpg]
[gizmoder.com/demo/html/onova/assets/images/blog_10.jpg]
[gizmoder.com/demo/html/onova/assets/images/blog_11.jpg]
[gizmoder.com/demo/html/onova/assets/images/blog_13.jpg]
[gizmoder.com/demo/html/onova/assets/images/blog_14.jpg]
[gizmoder.com/demo/html/onova/blog_grid.html]
[gizmoder.com/demo/html/onova/assets/images/blog_23.jpg]
[gizmoder.com/demo/html/onova/assets/images/blog_24.jpg]
[gizmoder.com/demo/html/onova/assets/images/blog_25.jpg]
[gizmoder.com/demo/html/onova/assets/images/icon_1.png]
[gizmoder.com/demo/html/onova/assets/images/insta_1.jpg]
[gizmoder.com/demo/html/onova/assets/images/insta_2.jpg]
[gizmoder.com/demo/html/onova/assets/images/insta_3.jpg]
[gizmoder.com/demo/html/onova/assets/images/insta_4.jpg]
[gizmoder.com/demo/html/onova/assets/images/insta_5.jpg]
[gizmoder.com/demo/html/onova/assets/images/insta_6.jpg]
[gizmoder.com/demo/html/onova/assets/images/insta_7.jpg]
[gizmoder.com/demo/html/onova/assets/images/insta_8.jpg]
[gizmoder.com/demo/html/onova/assets/images/insta_9.jpg]
[gizmoder.com/demo/html/onova/assets/images/feed_3.jpg]
[gizmoder.com/demo/html/onova/assets/images/feed_4.jpg]
[gizmoder.com/demo/html/onova/assets/images/feed_5.jpg]
[gizmoder.com/demo/html/onova/assets/images/feed_6.jpg]
[gizmoder.com/demo/html/onova/assets/images/feed_7.jpg]
[gizmoder.com/demo/html/onova/blog_list.html]
[gizmoder.com/demo/html/onova/assets/images/admin.png]
[gizmoder.com/demo/html/onova/blog_details.html]
[gizmoder.com/demo/html/onova/contact.html]
[gizmoder.com/demo/html/onova/iindex.html]
[gizmoder.com/demo/html/onova/blog_grid_2.html]
[gizmoder.com/demo/html/onova/assets/js/vendor/jquery-1.12.4.min.js]
[gizmoder.com/demo/html/onova/assets/js/vendor/modernizr-3.6.0.min.js]
[gizmoder.com/demo/html/onova/popper.js]
[gizmoder.com/demo/html/onova/assets/css/bootstrap/js/bootstrap.min.js]
[gizmoder.com/demo/html/onova/assets/css/bootstrap/js/popper.min.js]
[gizmoder.com/demo/html/onova/assets/css/slick/slick.min.js]
[gizmoder.com/demo/html/onova/assets/js/isotope.min.js]
[gizmoder.com/demo/html/onova/assets/js/imagesloaded.min.js]
[gizmoder.com/demo/html/onova/assets/js/jquery.magnific-popup.min.js]
[gizmoder.com/demo/html/onova/assets/js/jquery.counterup.min.js]
[gizmoder.com/demo/html/onova/assets/js/jquery.waypoints.min.js]
[gizmoder.com/demo/html/onova/assets/js/wow.min.js]
[gizmoder.com/demo/html/onova/assets/js/jquery.nice-number.min.js]
[gizmoder.com/demo/html/onova/assets/js/jquery.nice-select.min.js]
[gizmoder.com/demo/html/onova/assets/js/sidebar-menu.js]
[gizmoder.com/demo/html/onova/assets/js/custom.js]
[gizmoder.com/demo/html/onova/assets/fonts/fontawesome/webfonts/fa-brands-400.html]
[gizmoder.com/demo/html/onova/assets/fonts/fontawesome/webfonts/fa-brands-400d41d.html]
[gizmoder.com/demo/html/onova/assets/fonts/fontawesome/webfonts/fa-brands-401.html]
[gizmoder.com/demo/html/onova/assets/fonts/fontawesome/webfonts/fa-brands-402.html]
[gizmoder.com/demo/html/onova/assets/fonts/fontawesome/webfonts/fa-brands-403.html]
[gizmoder.com/demo/html/onova/assets/fonts/fontawesome/webfonts/fa-brands-400.svg]
[gizmoder.com/demo/html/onova/assets/fonts/fontawesome/webfonts/fa-light-300.html]
[gizmoder.com/demo/html/onova/assets/fonts/fontawesome/webfonts/fa-light-300d41d.html]
[gizmoder.com/demo/html/onova/assets/fonts/fontawesome/webfonts/fa-light-301.html]
[gizmoder.com/demo/html/onova/assets/fonts/fontawesome/webfonts/fa-light-302.html]
[gizmoder.com/demo/html/onova/assets/fonts/fontawesome/webfonts/fa-light-303.html]
[gizmoder.com/demo/html/onova/assets/fonts/fontawesome/webfonts/fa-light-300.svg]
[gizmoder.com/demo/html/onova/assets/fonts/fontawesome/webfonts/fa-regular-400.html]
[gizmoder.com/demo/html/onova/assets/fonts/fontawesome/webfonts/fa-regular-400d41d.html]
[gizmoder.com/demo/html/onova/assets/fonts/fontawesome/webfonts/fa-regular-401.html]
[gizmoder.com/demo/html/onova/assets/fonts/fontawesome/webfonts/fa-regular-402.html]
[gizmoder.com/demo/html/onova/assets/fonts/fontawesome/webfonts/fa-regular-403.html]
[gizmoder.com/demo/html/onova/assets/fonts/fontawesome/webfonts/fa-regular-400.svg]
[gizmoder.com/demo/html/onova/assets/fonts/fontawesome/webfonts/fa-solid-900.html]
[gizmoder.com/demo/html/onova/assets/fonts/fontawesome/webfonts/fa-solid-900d41d.html]
[gizmoder.com/demo/html/onova/assets/fonts/fontawesome/webfonts/fa-solid-901.html]
[gizmoder.com/demo/html/onova/assets/fonts/fontawesome/webfonts/fa-solid-902.html]
[gizmoder.com/demo/html/onova/assets/fonts/fontawesome/webfonts/fa-solid-903.html]
[gizmoder.com/demo/html/onova/assets/fonts/fontawesome/webfonts/fa-solid-900.svg]
[gizmoder.com/demo/html/onova/assets/fonts/flaticon/Flaticon.html]
[gizmoder.com/demo/html/onova/assets/fonts/flaticon/Flaticond41d.html]
[gizmoder.com/demo/html/onova/assets/fonts/flaticon/Flaticon-2.html]
[gizmoder.com/demo/html/onova/assets/fonts/flaticon/Flaticon-3.html]
[gizmoder.com/demo/html/onova/assets/fonts/flaticon/Flaticon-4.html]
[gizmoder.com/demo/html/onova/assets/fonts/flaticon/Flaticon.svg]
[gizmoder.com/demo/html/onova/assets/fonts/pe7stroke/fonts/Pe-icon-7-strokebb1d.html]
[gizmoder.com/demo/html/onova/assets/fonts/pe7stroke/fonts/Pe-icon-7-stroked41d.html]
[gizmoder.com/demo/html/onova/assets/fonts/pe7stroke/fonts/Pe-icon-7-strokebb1d-2.html]
[gizmoder.com/demo/html/onova/assets/fonts/pe7stroke/fonts/Pe-icon-7-strokebb1d-3.html]
[gizmoder.com/demo/html/onova/assets/fonts/pe7stroke/fonts/Pe-icon-7-strokebb1d.svg]
[gizmoder.com/demo/html/onova/assets/css/slick/fonts/slick.html]
[gizmoder.com/demo/html/onova/assets/css/slick/fonts/slickd41d.html]
[gizmoder.com/demo/html/onova/assets/css/slick/fonts/slick-2.html]
[gizmoder.com/demo/html/onova/assets/css/slick/fonts/slick-3.html]
[gizmoder.com/demo/html/onova/assets/css/slick/fonts/slick.svg]
[gizmoder.com/demo/html/onova/assets/fonts/Gilroy-Bold.html]
[gizmoder.com/demo/html/onova/assets/images/fav.html]
[gizmoder.com/demo/html/onova/assets/css/meanmenu.css]
[gizmoder.com/demo/html/onova/assets/js/jquery.meanmenu.js]
[gizmoder.com/demo/html/onova/popper.html]
